current directory: /Users/serenachang/Desktop/smartadmin-template/vendor/bundle/ruby/2.6.0/gems/bootsnap-1.19.0/ext/bootsnap
/Users/serenachang/.rbenv/versions/2.6.10/bin/ruby -I /Users/serenachang/.rbenv/versions/2.6.10/lib/ruby/site_ruby/2.6.0 -r ./siteconf20251216-8554-sn46uc.rb extconf.rb
checking for fdatasync() in unistd.h... yes
checking for whether -D_GNU_SOURCE is accepted as CPPFLAGS... yes
checking for whether -O3 is accepted as CFLAGS... yes
checking for whether -std=c99 is accepted as CFLAGS... yes
creating Makefile

current directory: /Users/serenachang/Desktop/smartadmin-template/vendor/bundle/ruby/2.6.0/gems/bootsnap-1.19.0/ext/bootsnap
make "DESTDIR=" clean

current directory: /Users/serenachang/Desktop/smartadmin-template/vendor/bundle/ruby/2.6.0/gems/bootsnap-1.19.0/ext/bootsnap
make "DESTDIR="
compiling bootsnap.c
bootsnap.c:171:84: warning: '(' and '{' tokens introducing statement expression appear in different macro expansion contexts [-Wcompound-token-split-by-macro]
  171 |   rb_cBootsnap_CompileCache_UNCOMPILABLE = rb_const_get(rb_mBootsnap_CompileCache, rb_intern("UNCOMPILABLE"));
      |                                                                                    ^~~~~~~~~~~~~~~~~~~~~~~~~
/Users/serenachang/.rbenv/versions/2.6.10/include/ruby-2.6.0/ruby/ruby.h:1826:23: note: expanded from macro 'rb_intern'
 1826 |         __extension__ (RUBY_CONST_ID_CACHE((ID), (str))) : \
      |                       ^
bootsnap.c:171:84: note: '{' token is here
  171 |   rb_cBootsnap_CompileCache_UNCOMPILABLE = rb_const_get(rb_mBootsnap_CompileCache, rb_intern("UNCOMPILABLE"));
      |                                                                                    ^~~~~~~~~~~~~~~~~~~~~~~~~
/Users/serenachang/.rbenv/versions/2.6.10/include/ruby-2.6.0/ruby/ruby.h:1826:24: note: expanded from macro 'rb_intern'
 1826 |         __extension__ (RUBY_CONST_ID_CACHE((ID), (str))) : \
      |                        ^~~~~~~~~~~~~~~~~~~~~~~~~~~~~~~~
/Users/serenachang/.rbenv/versions/2.6.10/include/ruby-2.6.0/ruby/ruby.h:1811:5: note: expanded from macro 'RUBY_CONST_ID_CACHE'
 1811 |     {                                                   \
      |     ^
bootsnap.c:171:84: warning: '}' and ')' tokens terminating statement expression appear in different macro expansion contexts [-Wcompound-token-split-by-macro]
  171 |   rb_cBootsnap_CompileCache_UNCOMPILABLE = rb_const_get(rb_mBootsnap_CompileCache, rb_intern("UNCOMPILABLE"));
      |                                                                                    ^~~~~~~~~~~~~~~~~~~~~~~~~
/Users/serenachang/.rbenv/versions/2.6.10/include/ruby-2.6.0/ruby/ruby.h:1826:24: note: expanded from macro 'rb_intern'
 1826 |         __extension__ (RUBY_CONST_ID_CACHE((ID), (str))) : \
      |                        ^~~~~~~~~~~~~~~~~~~~~~~~~~~~~~~~
/Users/serenachang/.rbenv/versions/2.6.10/include/ruby-2.6.0/ruby/ruby.h:1816:5: note: expanded from macro 'RUBY_CONST_ID_CACHE'
 1816 |     }
      |     ^
bootsnap.c:171:84: note: ')' token is here
  171 |   rb_cBootsnap_CompileCache_UNCOMPILABLE = rb_const_get(rb_mBootsnap_CompileCache, rb_intern("UNCOMPILABLE"));
      |                                                                                    ^~~~~~~~~~~~~~~~~~~~~~~~~
/Users/serenachang/.rbenv/versions/2.6.10/include/ruby-2.6.0/ruby/ruby.h:1826:56: note: expanded from macro 'rb_intern'
 1826 |         __extension__ (RUBY_CONST_ID_CACHE((ID), (str))) : \
      |                                                        ^
bootsnap.c:177:28: warning: '(' and '{' tokens introducing statement expression appear in different macro expansion contexts [-Wcompound-token-split-by-macro]
  177 |   instrumentation_method = rb_intern("_instrument");
      |                            ^~~~~~~~~~~~~~~~~~~~~~~~
/Users/serenachang/.rbenv/versions/2.6.10/include/ruby-2.6.0/ruby/ruby.h:1826:23: note: expanded from macro 'rb_intern'
 1826 |         __extension__ (RUBY_CONST_ID_CACHE((ID), (str))) : \
      |                       ^
bootsnap.c:177:28: note: '{' token is here
  177 |   instrumentation_method = rb_intern("_instrument");
      |                            ^~~~~~~~~~~~~~~~~~~~~~~~
/Users/serenachang/.rbenv/versions/2.6.10/include/ruby-2.6.0/ruby/ruby.h:1826:24: note: expanded from macro 'rb_intern'
 1826 |         __extension__ (RUBY_CONST_ID_CACHE((ID), (str))) : \
      |                        ^~~~~~~~~~~~~~~~~~~~~~~~~~~~~~~~
/Users/serenachang/.rbenv/versions/2.6.10/include/ruby-2.6.0/ruby/ruby.h:1811:5: note: expanded from macro 'RUBY_CONST_ID_CACHE'
 1811 |     {                                                   \
      |     ^
bootsnap.c:177:28: warning: '}' and ')' tokens terminating statement expression appear in different macro expansion contexts [-Wcompound-token-split-by-macro]
  177 |   instrumentation_method = rb_intern("_instrument");
      |                            ^~~~~~~~~~~~~~~~~~~~~~~~
/Users/serenachang/.rbenv/versions/2.6.10/include/ruby-2.6.0/ruby/ruby.h:1826:24: note: expanded from macro 'rb_intern'
 1826 |         __extension__ (RUBY_CONST_ID_CACHE((ID), (str))) : \
      |                        ^~~~~~~~~~~~~~~~~~~~~~~~~~~~~~~~
/Users/serenachang/.rbenv/versions/2.6.10/include/ruby-2.6.0/ruby/ruby.h:1816:5: note: expanded from macro 'RUBY_CONST_ID_CACHE'
 1816 |     }
      |     ^
bootsnap.c:177:28: note: ')' token is here
  177 |   instrumentation_method = rb_intern("_instrument");
      |                            ^~~~~~~~~~~~~~~~~~~~~~~~
/Users/serenachang/.rbenv/versions/2.6.10/include/ruby-2.6.0/ruby/ruby.h:1826:56: note: expanded from macro 'rb_intern'
 1826 |         __extension__ (RUBY_CONST_ID_CACHE((ID), (str))) : \
      |                                                        ^
bootsnap.c:179:20: warning: '(' and '{' tokens introducing statement expression appear in different macro expansion contexts [-Wcompound-token-split-by-macro]
  179 |   sym_hit = ID2SYM(rb_intern("hit"));
      |                    ^~~~~~~~~~~~~~~~
/Users/serenachang/.rbenv/versions/2.6.10/include/ruby-2.6.0/ruby/ruby.h:1826:23: note: expanded from macro 'rb_intern'
 1826 |         __extension__ (RUBY_CONST_ID_CACHE((ID), (str))) : \
      |                       ^
/Users/serenachang/.rbenv/versions/2.6.10/include/ruby-2.6.0/ruby/ruby.h:413:29: note: expanded from macro 'ID2SYM'
  413 | #define ID2SYM(x) RB_ID2SYM(x)
      |                             ^
/Users/serenachang/.rbenv/versions/2.6.10/include/ruby-2.6.0/ruby/ruby.h:408:33: note: expanded from macro 'RB_ID2SYM'
  408 | #define RB_ID2SYM(x) (rb_id2sym(x))
      |                                 ^
bootsnap.c:179:20: note: '{' token is here
  179 |   sym_hit = ID2SYM(rb_intern("hit"));
      |                    ^~~~~~~~~~~~~~~~
/Users/serenachang/.rbenv/versions/2.6.10/include/ruby-2.6.0/ruby/ruby.h:1826:24: note: expanded from macro 'rb_intern'
 1826 |         __extension__ (RUBY_CONST_ID_CACHE((ID), (str))) : \
      |                        ^~~~~~~~~~~~~~~~~~~~~~~~~~~~~~~~
/Users/serenachang/.rbenv/versions/2.6.10/include/ruby-2.6.0/ruby/ruby.h:1811:5: note: expanded from macro 'RUBY_CONST_ID_CACHE'
 1811 |     {                                                   \
      |     ^
/Users/serenachang/.rbenv/versions/2.6.10/include/ruby-2.6.0/ruby/ruby.h:413:29: note: expanded from macro 'ID2SYM'
  413 | #define ID2SYM(x) RB_ID2SYM(x)
      |                             ^
/Users/serenachang/.rbenv/versions/2.6.10/include/ruby-2.6.0/ruby/ruby.h:408:33: note: expanded from macro 'RB_ID2SYM'
  408 | #define RB_ID2SYM(x) (rb_id2sym(x))
      |                                 ^
bootsnap.c:179:20: warning: '}' and ')' tokens terminating statement expression appear in different macro expansion contexts [-Wcompound-token-split-by-macro]
  179 |   sym_hit = ID2SYM(rb_intern("hit"));
      |                    ^~~~~~~~~~~~~~~~
/Users/serenachang/.rbenv/versions/2.6.10/include/ruby-2.6.0/ruby/ruby.h:1826:24: note: expanded from macro 'rb_intern'
 1826 |         __extension__ (RUBY_CONST_ID_CACHE((ID), (str))) : \
      |                        ^~~~~~~~~~~~~~~~~~~~~~~~~~~~~~~~
/Users/serenachang/.rbenv/versions/2.6.10/include/ruby-2.6.0/ruby/ruby.h:1816:5: note: expanded from macro 'RUBY_CONST_ID_CACHE'
 1816 |     }
      |     ^
/Users/serenachang/.rbenv/versions/2.6.10/include/ruby-2.6.0/ruby/ruby.h:413:29: note: expanded from macro 'ID2SYM'
  413 | #define ID2SYM(x) RB_ID2SYM(x)
      |                             ^
/Users/serenachang/.rbenv/versions/2.6.10/include/ruby-2.6.0/ruby/ruby.h:408:33: note: expanded from macro 'RB_ID2SYM'
  408 | #define RB_ID2SYM(x) (rb_id2sym(x))
      |                                 ^
bootsnap.c:179:20: note: ')' token is here
  179 |   sym_hit = ID2SYM(rb_intern("hit"));
      |                    ^~~~~~~~~~~~~~~~
/Users/serenachang/.rbenv/versions/2.6.10/include/ruby-2.6.0/ruby/ruby.h:1826:56: note: expanded from macro 'rb_intern'
 1826 |         __extension__ (RUBY_CONST_ID_CACHE((ID), (str))) : \
      |                                                        ^
/Users/serenachang/.rbenv/versions/2.6.10/include/ruby-2.6.0/ruby/ruby.h:413:29: note: expanded from macro 'ID2SYM'
  413 | #define ID2SYM(x) RB_ID2SYM(x)
      |                             ^
/Users/serenachang/.rbenv/versions/2.6.10/include/ruby-2.6.0/ruby/ruby.h:408:33: note: expanded from macro 'RB_ID2SYM'
  408 | #define RB_ID2SYM(x) (rb_id2sym(x))
      |                                 ^
bootsnap.c:180:21: warning: '(' and '{' tokens introducing statement expression appear in different macro expansion contexts [-Wcompound-token-split-by-macro]
  180 |   sym_miss = ID2SYM(rb_intern("miss"));
      |                     ^~~~~~~~~~~~~~~~~
/Users/serenachang/.rbenv/versions/2.6.10/include/ruby-2.6.0/ruby/ruby.h:1826:23: note: expanded from macro 'rb_intern'
 1826 |         __extension__ (RUBY_CONST_ID_CACHE((ID), (str))) : \
      |                       ^
/Users/serenachang/.rbenv/versions/2.6.10/include/ruby-2.6.0/ruby/ruby.h:413:29: note: expanded from macro 'ID2SYM'
  413 | #define ID2SYM(x) RB_ID2SYM(x)
      |                             ^
/Users/serenachang/.rbenv/versions/2.6.10/include/ruby-2.6.0/ruby/ruby.h:408:33: note: expanded from macro 'RB_ID2SYM'
  408 | #define RB_ID2SYM(x) (rb_id2sym(x))
      |                                 ^
bootsnap.c:180:21: note: '{' token is here
  180 |   sym_miss = ID2SYM(rb_intern("miss"));
      |                     ^~~~~~~~~~~~~~~~~
/Users/serenachang/.rbenv/versions/2.6.10/include/ruby-2.6.0/ruby/ruby.h:1826:24: note: expanded from macro 'rb_intern'
 1826 |         __extension__ (RUBY_CONST_ID_CACHE((ID), (str))) : \
      |                        ^~~~~~~~~~~~~~~~~~~~~~~~~~~~~~~~
/Users/serenachang/.rbenv/versions/2.6.10/include/ruby-2.6.0/ruby/ruby.h:1811:5: note: expanded from macro 'RUBY_CONST_ID_CACHE'
 1811 |     {                                                   \
      |     ^
/Users/serenachang/.rbenv/versions/2.6.10/include/ruby-2.6.0/ruby/ruby.h:413:29: note: expanded from macro 'ID2SYM'
  413 | #define ID2SYM(x) RB_ID2SYM(x)
      |                             ^
/Users/serenachang/.rbenv/versions/2.6.10/include/ruby-2.6.0/ruby/ruby.h:408:33: note: expanded from macro 'RB_ID2SYM'
  408 | #define RB_ID2SYM(x) (rb_id2sym(x))
      |                                 ^
bootsnap.c:180:21: warning: '}' and ')' tokens terminating statement expression appear in different macro expansion contexts [-Wcompound-token-split-by-macro]
  180 |   sym_miss = ID2SYM(rb_intern("miss"));
      |                     ^~~~~~~~~~~~~~~~~
/Users/serenachang/.rbenv/versions/2.6.10/include/ruby-2.6.0/ruby/ruby.h:1826:24: note: expanded from macro 'rb_intern'
 1826 |         __extension__ (RUBY_CONST_ID_CACHE((ID), (str))) : \
      |                        ^~~~~~~~~~~~~~~~~~~~~~~~~~~~~~~~
/Users/serenachang/.rbenv/versions/2.6.10/include/ruby-2.6.0/ruby/ruby.h:1816:5: note: expanded from macro 'RUBY_CONST_ID_CACHE'
 1816 |     }
      |     ^
/Users/serenachang/.rbenv/versions/2.6.10/include/ruby-2.6.0/ruby/ruby.h:413:29: note: expanded from macro 'ID2SYM'
  413 | #define ID2SYM(x) RB_ID2SYM(x)
      |                             ^
/Users/serenachang/.rbenv/versions/2.6.10/include/ruby-2.6.0/ruby/ruby.h:408:33: note: expanded from macro 'RB_ID2SYM'
  408 | #define RB_ID2SYM(x) (rb_id2sym(x))
      |                                 ^
bootsnap.c:180:21: note: ')' token is here
  180 |   sym_miss = ID2SYM(rb_intern("miss"));
      |                     ^~~~~~~~~~~~~~~~~
/Users/serenachang/.rbenv/versions/2.6.10/include/ruby-2.6.0/ruby/ruby.h:1826:56: note: expanded from macro 'rb_intern'
 1826 |         __extension__ (RUBY_CONST_ID_CACHE((ID), (str))) : \
      |                                                        ^
/Users/serenachang/.rbenv/versions/2.6.10/include/ruby-2.6.0/ruby/ruby.h:413:29: note: expanded from macro 'ID2SYM'
  413 | #define ID2SYM(x) RB_ID2SYM(x)
      |                             ^
/Users/serenachang/.rbenv/versions/2.6.10/include/ruby-2.6.0/ruby/ruby.h:408:33: note: expanded from macro 'RB_ID2SYM'
  408 | #define RB_ID2SYM(x) (rb_id2sym(x))
      |                                 ^
bootsnap.c:181:22: warning: '(' and '{' tokens introducing statement expression appear in different macro expansion contexts [-Wcompound-token-split-by-macro]
  181 |   sym_stale = ID2SYM(rb_intern("stale"));
      |                      ^~~~~~~~~~~~~~~~~~
/Users/serenachang/.rbenv/versions/2.6.10/include/ruby-2.6.0/ruby/ruby.h:1826:23: note: expanded from macro 'rb_intern'
 1826 |         __extension__ (RUBY_CONST_ID_CACHE((ID), (str))) : \
      |                       ^
/Users/serenachang/.rbenv/versions/2.6.10/include/ruby-2.6.0/ruby/ruby.h:413:29: note: expanded from macro 'ID2SYM'
  413 | #define ID2SYM(x) RB_ID2SYM(x)
      |                             ^
/Users/serenachang/.rbenv/versions/2.6.10/include/ruby-2.6.0/ruby/ruby.h:408:33: note: expanded from macro 'RB_ID2SYM'
  408 | #define RB_ID2SYM(x) (rb_id2sym(x))
      |                                 ^
bootsnap.c:181:22: note: '{' token is here
  181 |   sym_stale = ID2SYM(rb_intern("stale"));
      |                      ^~~~~~~~~~~~~~~~~~
/Users/serenachang/.rbenv/versions/2.6.10/include/ruby-2.6.0/ruby/ruby.h:1826:24: note: expanded from macro 'rb_intern'
 1826 |         __extension__ (RUBY_CONST_ID_CACHE((ID), (str))) : \
      |                        ^~~~~~~~~~~~~~~~~~~~~~~~~~~~~~~~
/Users/serenachang/.rbenv/versions/2.6.10/include/ruby-2.6.0/ruby/ruby.h:1811:5: note: expanded from macro 'RUBY_CONST_ID_CACHE'
 1811 |     {                                                   \
      |     ^
/Users/serenachang/.rbenv/versions/2.6.10/include/ruby-2.6.0/ruby/ruby.h:413:29: note: expanded from macro 'ID2SYM'
  413 | #define ID2SYM(x) RB_ID2SYM(x)
      |                             ^
/Users/serenachang/.rbenv/versions/2.6.10/include/ruby-2.6.0/ruby/ruby.h:408:33: note: expanded from macro 'RB_ID2SYM'
  408 | #define RB_ID2SYM(x) (rb_id2sym(x))
      |                                 ^
bootsnap.c:181:22: warning: '}' and ')' tokens terminating statement expression appear in different macro expansion contexts [-Wcompound-token-split-by-macro]
  181 |   sym_stale = ID2SYM(rb_intern("stale"));
      |                      ^~~~~~~~~~~~~~~~~~
/Users/serenachang/.rbenv/versions/2.6.10/include/ruby-2.6.0/ruby/ruby.h:1826:24: note: expanded from macro 'rb_intern'
 1826 |         __extension__ (RUBY_CONST_ID_CACHE((ID), (str))) : \
      |                        ^~~~~~~~~~~~~~~~~~~~~~~~~~~~~~~~
/Users/serenachang/.rbenv/versions/2.6.10/include/ruby-2.6.0/ruby/ruby.h:1816:5: note: expanded from macro 'RUBY_CONST_ID_CACHE'
 1816 |     }
      |     ^
/Users/serenachang/.rbenv/versions/2.6.10/include/ruby-2.6.0/ruby/ruby.h:413:29: note: expanded from macro 'ID2SYM'
  413 | #define ID2SYM(x) RB_ID2SYM(x)
      |                             ^
/Users/serenachang/.rbenv/versions/2.6.10/include/ruby-2.6.0/ruby/ruby.h:408:33: note: expanded from macro 'RB_ID2SYM'
  408 | #define RB_ID2SYM(x) (rb_id2sym(x))
      |                                 ^
bootsnap.c:181:22: note: ')' token is here
  181 |   sym_stale = ID2SYM(rb_intern("stale"));
      |                      ^~~~~~~~~~~~~~~~~~
/Users/serenachang/.rbenv/versions/2.6.10/include/ruby-2.6.0/ruby/ruby.h:1826:56: note: expanded from macro 'rb_intern'
 1826 |         __extension__ (RUBY_CONST_ID_CACHE((ID), (str))) : \
      |                                                        ^
/Users/serenachang/.rbenv/versions/2.6.10/include/ruby-2.6.0/ruby/ruby.h:413:29: note: expanded from macro 'ID2SYM'
  413 | #define ID2SYM(x) RB_ID2SYM(x)
      |                             ^
/Users/serenachang/.rbenv/versions/2.6.10/include/ruby-2.6.0/ruby/ruby.h:408:33: note: expanded from macro 'RB_ID2SYM'
  408 | #define RB_ID2SYM(x) (rb_id2sym(x))
      |                                 ^
bootsnap.c:182:28: warning: '(' and '{' tokens introducing statement expression appear in different macro expansion contexts [-Wcompound-token-split-by-macro]
  182 |   sym_revalidated = ID2SYM(rb_intern("revalidated"));
      |                            ^~~~~~~~~~~~~~~~~~~~~~~~
/Users/serenachang/.rbenv/versions/2.6.10/include/ruby-2.6.0/ruby/ruby.h:1826:23: note: expanded from macro 'rb_intern'
 1826 |         __extension__ (RUBY_CONST_ID_CACHE((ID), (str))) : \
      |                       ^
/Users/serenachang/.rbenv/versions/2.6.10/include/ruby-2.6.0/ruby/ruby.h:413:29: note: expanded from macro 'ID2SYM'
  413 | #define ID2SYM(x) RB_ID2SYM(x)
      |                             ^
/Users/serenachang/.rbenv/versions/2.6.10/include/ruby-2.6.0/ruby/ruby.h:408:33: note: expanded from macro 'RB_ID2SYM'
  408 | #define RB_ID2SYM(x) (rb_id2sym(x))
      |                                 ^
bootsnap.c:182:28: note: '{' token is here
  182 |   sym_revalidated = ID2SYM(rb_intern("revalidated"));
      |                            ^~~~~~~~~~~~~~~~~~~~~~~~
/Users/serenachang/.rbenv/versions/2.6.10/include/ruby-2.6.0/ruby/ruby.h:1826:24: note: expanded from macro 'rb_intern'
 1826 |         __extension__ (RUBY_CONST_ID_CACHE((ID), (str))) : \
      |                        ^~~~~~~~~~~~~~~~~~~~~~~~~~~~~~~~
/Users/serenachang/.rbenv/versions/2.6.10/include/ruby-2.6.0/ruby/ruby.h:1811:5: note: expanded from macro 'RUBY_CONST_ID_CACHE'
 1811 |     {                                                   \
      |     ^
/Users/serenachang/.rbenv/versions/2.6.10/include/ruby-2.6.0/ruby/ruby.h:413:29: note: expanded from macro 'ID2SYM'
  413 | #define ID2SYM(x) RB_ID2SYM(x)
      |                             ^
/Users/serenachang/.rbenv/versions/2.6.10/include/ruby-2.6.0/ruby/ruby.h:408:33: note: expanded from macro 'RB_ID2SYM'
  408 | #define RB_ID2SYM(x) (rb_id2sym(x))
      |                                 ^
bootsnap.c:182:28: warning: '}' and ')' tokens terminating statement expression appear in different macro expansion contexts [-Wcompound-token-split-by-macro]
  182 |   sym_revalidated = ID2SYM(rb_intern("revalidated"));
      |                            ^~~~~~~~~~~~~~~~~~~~~~~~
/Users/serenachang/.rbenv/versions/2.6.10/include/ruby-2.6.0/ruby/ruby.h:1826:24: note: expanded from macro 'rb_intern'
 1826 |         __extension__ (RUBY_CONST_ID_CACHE((ID), (str))) : \
      |                        ^~~~~~~~~~~~~~~~~~~~~~~~~~~~~~~~
/Users/serenachang/.rbenv/versions/2.6.10/include/ruby-2.6.0/ruby/ruby.h:1816:5: note: expanded from macro 'RUBY_CONST_ID_CACHE'
 1816 |     }
      |     ^
/Users/serenachang/.rbenv/versions/2.6.10/include/ruby-2.6.0/ruby/ruby.h:413:29: note: expanded from macro 'ID2SYM'
  413 | #define ID2SYM(x) RB_ID2SYM(x)
      |                             ^
/Users/serenachang/.rbenv/versions/2.6.10/include/ruby-2.6.0/ruby/ruby.h:408:33: note: expanded from macro 'RB_ID2SYM'
  408 | #define RB_ID2SYM(x) (rb_id2sym(x))
      |                                 ^
bootsnap.c:182:28: note: ')' token is here
  182 |   sym_revalidated = ID2SYM(rb_intern("revalidated"));
      |                            ^~~~~~~~~~~~~~~~~~~~~~~~
/Users/serenachang/.rbenv/versions/2.6.10/include/ruby-2.6.0/ruby/ruby.h:1826:56: note: expanded from macro 'rb_intern'
 1826 |         __extension__ (RUBY_CONST_ID_CACHE((ID), (str))) : \
      |                                                        ^
/Users/serenachang/.rbenv/versions/2.6.10/include/ruby-2.6.0/ruby/ruby.h:413:29: note: expanded from macro 'ID2SYM'
  413 | #define ID2SYM(x) RB_ID2SYM(x)
      |                             ^
/Users/serenachang/.rbenv/versions/2.6.10/include/ruby-2.6.0/ruby/ruby.h:408:33: note: expanded from macro 'RB_ID2SYM'
  408 | #define RB_ID2SYM(x) (rb_id2sym(x))
      |                                 ^
bootsnap.c:271:44: warning: '(' and '{' tokens introducing statement expression appear in different macro expansion contexts [-Wcompound-token-split-by-macro]
  271 |   ruby_revision = rb_const_get(rb_cObject, rb_intern("RUBY_REVISION"));
      |                                            ^~~~~~~~~~~~~~~~~~~~~~~~~~
/Users/serenachang/.rbenv/versions/2.6.10/include/ruby-2.6.0/ruby/ruby.h:1826:23: note: expanded from macro 'rb_intern'
 1826 |         __extension__ (RUBY_CONST_ID_CACHE((ID), (str))) : \
      |                       ^
bootsnap.c:271:44: note: '{' token is here
  271 |   ruby_revision = rb_const_get(rb_cObject, rb_intern("RUBY_REVISION"));
      |                                            ^~~~~~~~~~~~~~~~~~~~~~~~~~
/Users/serenachang/.rbenv/versions/2.6.10/include/ruby-2.6.0/ruby/ruby.h:1826:24: note: expanded from macro 'rb_intern'
 1826 |         __extension__ (RUBY_CONST_ID_CACHE((ID), (str))) : \
      |                        ^~~~~~~~~~~~~~~~~~~~~~~~~~~~~~~~
/Users/serenachang/.rbenv/versions/2.6.10/include/ruby-2.6.0/ruby/ruby.h:1811:5: note: expanded from macro 'RUBY_CONST_ID_CACHE'
 1811 |     {                                                   \
      |     ^
bootsnap.c:271:44: warning: '}' and ')' tokens terminating statement expression appear in different macro expansion contexts [-Wcompound-token-split-by-macro]
  271 |   ruby_revision = rb_const_get(rb_cObject, rb_intern("RUBY_REVISION"));
      |                                            ^~~~~~~~~~~~~~~~~~~~~~~~~~
/Users/serenachang/.rbenv/versions/2.6.10/include/ruby-2.6.0/ruby/ruby.h:1826:24: note: expanded from macro 'rb_intern'
 1826 |         __extension__ (RUBY_CONST_ID_CACHE((ID), (str))) : \
      |                        ^~~~~~~~~~~~~~~~~~~~~~~~~~~~~~~~
/Users/serenachang/.rbenv/versions/2.6.10/include/ruby-2.6.0/ruby/ruby.h:1816:5: note: expanded from macro 'RUBY_CONST_ID_CACHE'
 1816 |     }
      |     ^
bootsnap.c:271:44: note: ')' token is here
  271 |   ruby_revision = rb_const_get(rb_cObject, rb_intern("RUBY_REVISION"));
      |                                            ^~~~~~~~~~~~~~~~~~~~~~~~~~
/Users/serenachang/.rbenv/versions/2.6.10/include/ruby-2.6.0/ruby/ruby.h:1826:56: note: expanded from macro 'rb_intern'
 1826 |         __extension__ (RUBY_CONST_ID_CACHE((ID), (str))) : \
      |                                                        ^
bootsnap.c:292:44: warning: '(' and '{' tokens introducing statement expression appear in different macro expansion contexts [-Wcompound-token-split-by-macro]
  292 |   ruby_platform = rb_const_get(rb_cObject, rb_intern("RUBY_PLATFORM"));
      |                                            ^~~~~~~~~~~~~~~~~~~~~~~~~~
/Users/serenachang/.rbenv/versions/2.6.10/include/ruby-2.6.0/ruby/ruby.h:1826:23: note: expanded from macro 'rb_intern'
 1826 |         __extension__ (RUBY_CONST_ID_CACHE((ID), (str))) : \
      |                       ^
bootsnap.c:292:44: note: '{' token is here
  292 |   ruby_platform = rb_const_get(rb_cObject, rb_intern("RUBY_PLATFORM"));
      |                                            ^~~~~~~~~~~~~~~~~~~~~~~~~~
/Users/serenachang/.rbenv/versions/2.6.10/include/ruby-2.6.0/ruby/ruby.h:1826:24: note: expanded from macro 'rb_intern'
 1826 |         __extension__ (RUBY_CONST_ID_CACHE((ID), (str))) : \
      |                        ^~~~~~~~~~~~~~~~~~~~~~~~~~~~~~~~
/Users/serenachang/.rbenv/versions/2.6.10/include/ruby-2.6.0/ruby/ruby.h:1811:5: note: expanded from macro 'RUBY_CONST_ID_CACHE'
 1811 |     {                                                   \
      |     ^
bootsnap.c:292:44: warning: '}' and ')' tokens terminating statement expression appear in different macro expansion contexts [-Wcompound-token-split-by-macro]
  292 |   ruby_platform = rb_const_get(rb_cObject, rb_intern("RUBY_PLATFORM"));
      |                                            ^~~~~~~~~~~~~~~~~~~~~~~~~~
/Users/serenachang/.rbenv/versions/2.6.10/include/ruby-2.6.0/ruby/ruby.h:1826:24: note: expanded from macro 'rb_intern'
 1826 |         __extension__ (RUBY_CONST_ID_CACHE((ID), (str))) : \
      |                        ^~~~~~~~~~~~~~~~~~~~~~~~~~~~~~~~
/Users/serenachang/.rbenv/versions/2.6.10/include/ruby-2.6.0/ruby/ruby.h:1816:5: note: expanded from macro 'RUBY_CONST_ID_CACHE'
 1816 |     }
      |     ^
bootsnap.c:292:44: note: ')' token is here
  292 |   ruby_platform = rb_const_get(rb_cObject, rb_intern("RUBY_PLATFORM"));
      |                                            ^~~~~~~~~~~~~~~~~~~~~~~~~~
/Users/serenachang/.rbenv/versions/2.6.10/include/ruby-2.6.0/ruby/ruby.h:1826:56: note: expanded from macro 'rb_intern'
 1826 |         __extension__ (RUBY_CONST_ID_CACHE((ID), (str))) : \
      |                                                        ^
bootsnap.c:350:11: warning: mixing declarations and code is incompatible with standards before C99 [-Wdeclaration-after-statement]
  350 |   ssize_t nwrite = write(cache_fd, old_key, KEY_SIZE);
      |           ^
bootsnap.c:394:10: warning: mixing declarations and code is incompatible with standards before C99 [-Wdeclaration-after-statement]
  394 |   char * cachedir = RSTRING_PTR(cachedir_v);
      |          ^
bootsnap.c:421:10: warning: mixing declarations and code is incompatible with standards before C99 [-Wdeclaration-after-statement]
  421 |   char * cachedir = RSTRING_PTR(cachedir_v);
      |          ^
bootsnap.c:468:9: warning: mixing declarations and code is incompatible with standards before C99 [-Wdeclaration-after-statement]
  468 |     int previous_errno = errno;
      |         ^
bootsnap.c:952:23: warning: mixing declarations and code is incompatible with standards before C99 [-Wdeclaration-after-statement]
  952 |   struct bs_cache_key cached_key, current_key;
      |                       ^
bootsnap.c:1078:36: warning: '(' and '{' tokens introducing statement expression appear in different macro expansion contexts [-Wcompound-token-split-by-macro]
 1078 |   return rb_funcall(data->handler, rb_intern("storage_to_output"), 2, data->storage_data, data->args);
      |                                    ^~~~~~~~~~~~~~~~~~~~~~~~~~~~~~
/Users/serenachang/.rbenv/versions/2.6.10/include/ruby-2.6.0/ruby/ruby.h:1826:23: note: expanded from macro 'rb_intern'
 1826 |         __extension__ (RUBY_CONST_ID_CACHE((ID), (str))) : \
      |                       ^
/Users/serenachang/.rbenv/versions/2.6.10/include/ruby-2.6.0/ruby/ruby.h:2602:20: note: expanded from macro 'rb_funcall'
 2602 |         rb_funcallv(recv, mid, \
      |                           ^~~
bootsnap.c:1078:36: note: '{' token is here
 1078 |   return rb_funcall(data->handler, rb_intern("storage_to_output"), 2, data->storage_data, data->args);
      |                                    ^~~~~~~~~~~~~~~~~~~~~~~~~~~~~~
/Users/serenachang/.rbenv/versions/2.6.10/include/ruby-2.6.0/ruby/ruby.h:1826:24: note: expanded from macro 'rb_intern'
 1826 |         __extension__ (RUBY_CONST_ID_CACHE((ID), (str))) : \
      |                        ^~~~~~~~~~~~~~~~~~~~~~~~~~~~~~~~
/Users/serenachang/.rbenv/versions/2.6.10/include/ruby-2.6.0/ruby/ruby.h:1811:5: note: expanded from macro 'RUBY_CONST_ID_CACHE'
 1811 |     {                                                   \
      |     ^
/Users/serenachang/.rbenv/versions/2.6.10/include/ruby-2.6.0/ruby/ruby.h:2602:20: note: expanded from macro 'rb_funcall'
 2602 |         rb_funcallv(recv, mid, \
      |                           ^~~
bootsnap.c:1078:36: warning: '}' and ')' tokens terminating statement expression appear in different macro expansion contexts [-Wcompound-token-split-by-macro]
 1078 |   return rb_funcall(data->handler, rb_intern("storage_to_output"), 2, data->storage_data, data->args);
      |                                    ^~~~~~~~~~~~~~~~~~~~~~~~~~~~~~
/Users/serenachang/.rbenv/versions/2.6.10/include/ruby-2.6.0/ruby/ruby.h:1826:24: note: expanded from macro 'rb_intern'
 1826 |         __extension__ (RUBY_CONST_ID_CACHE((ID), (str))) : \
      |                        ^~~~~~~~~~~~~~~~~~~~~~~~~~~~~~~~
/Users/serenachang/.rbenv/versions/2.6.10/include/ruby-2.6.0/ruby/ruby.h:1816:5: note: expanded from macro 'RUBY_CONST_ID_CACHE'
 1816 |     }
      |     ^
/Users/serenachang/.rbenv/versions/2.6.10/include/ruby-2.6.0/ruby/ruby.h:2602:20: note: expanded from macro 'rb_funcall'
 2602 |         rb_funcallv(recv, mid, \
      |                           ^~~
bootsnap.c:1078:36: note: ')' token is here
 1078 |   return rb_funcall(data->handler, rb_intern("storage_to_output"), 2, data->storage_data, data->args);
      |                                    ^~~~~~~~~~~~~~~~~~~~~~~~~~~~~~
/Users/serenachang/.rbenv/versions/2.6.10/include/ruby-2.6.0/ruby/ruby.h:1826:56: note: expanded from macro 'rb_intern'
 1826 |         __extension__ (RUBY_CONST_ID_CACHE((ID), (str))) : \
      |                                                        ^
/Users/serenachang/.rbenv/versions/2.6.10/include/ruby-2.6.0/ruby/ruby.h:2602:20: note: expanded from macro 'rb_funcall'
 2602 |         rb_funcallv(recv, mid, \
      |                           ^~~
bootsnap.c:1109:36: warning: '(' and '{' tokens introducing statement expression appear in different macro expansion contexts [-Wcompound-token-split-by-macro]
 1109 |   return rb_funcall(data->handler, rb_intern("input_to_output"), 2, data->input_data, data->args);
      |                                    ^~~~~~~~~~~~~~~~~~~~~~~~~~~~
/Users/serenachang/.rbenv/versions/2.6.10/include/ruby-2.6.0/ruby/ruby.h:1826:23: note: expanded from macro 'rb_intern'
 1826 |         __extension__ (RUBY_CONST_ID_CACHE((ID), (str))) : \
      |                       ^
/Users/serenachang/.rbenv/versions/2.6.10/include/ruby-2.6.0/ruby/ruby.h:2602:20: note: expanded from macro 'rb_funcall'
 2602 |         rb_funcallv(recv, mid, \
      |                           ^~~
bootsnap.c:1109:36: note: '{' token is here
 1109 |   return rb_funcall(data->handler, rb_intern("input_to_output"), 2, data->input_data, data->args);
      |                                    ^~~~~~~~~~~~~~~~~~~~~~~~~~~~
/Users/serenachang/.rbenv/versions/2.6.10/include/ruby-2.6.0/ruby/ruby.h:1826:24: note: expanded from macro 'rb_intern'
 1826 |         __extension__ (RUBY_CONST_ID_CACHE((ID), (str))) : \
      |                        ^~~~~~~~~~~~~~~~~~~~~~~~~~~~~~~~
/Users/serenachang/.rbenv/versions/2.6.10/include/ruby-2.6.0/ruby/ruby.h:1811:5: note: expanded from macro 'RUBY_CONST_ID_CACHE'
 1811 |     {                                                   \
      |     ^
/Users/serenachang/.rbenv/versions/2.6.10/include/ruby-2.6.0/ruby/ruby.h:2602:20: note: expanded from macro 'rb_funcall'
 2602 |         rb_funcallv(recv, mid, \
      |                           ^~~
bootsnap.c:1109:36: warning: '}' and ')' tokens terminating statement expression appear in different macro expansion contexts [-Wcompound-token-split-by-macro]
 1109 |   return rb_funcall(data->handler, rb_intern("input_to_output"), 2, data->input_data, data->args);
      |                                    ^~~~~~~~~~~~~~~~~~~~~~~~~~~~
/Users/serenachang/.rbenv/versions/2.6.10/include/ruby-2.6.0/ruby/ruby.h:1826:24: note: expanded from macro 'rb_intern'
 1826 |         __extension__ (RUBY_CONST_ID_CACHE((ID), (str))) : \
      |                        ^~~~~~~~~~~~~~~~~~~~~~~~~~~~~~~~
/Users/serenachang/.rbenv/versions/2.6.10/include/ruby-2.6.0/ruby/ruby.h:1816:5: note: expanded from macro 'RUBY_CONST_ID_CACHE'
 1816 |     }
      |     ^
/Users/serenachang/.rbenv/versions/2.6.10/include/ruby-2.6.0/ruby/ruby.h:2602:20: note: expanded from macro 'rb_funcall'
 2602 |         rb_funcallv(recv, mid, \
      |                           ^~~
bootsnap.c:1109:36: note: ')' token is here
 1109 |   return rb_funcall(data->handler, rb_intern("input_to_output"), 2, data->input_data, data->args);
      |                                    ^~~~~~~~~~~~~~~~~~~~~~~~~~~~
/Users/serenachang/.rbenv/versions/2.6.10/include/ruby-2.6.0/ruby/ruby.h:1826:56: note: expanded from macro 'rb_intern'
 1826 |         __extension__ (RUBY_CONST_ID_CACHE((ID), (str))) : \
      |                                                        ^
/Users/serenachang/.rbenv/versions/2.6.10/include/ruby-2.6.0/ruby/ruby.h:2602:20: note: expanded from macro 'rb_funcall'
 2602 |         rb_funcallv(recv, mid, \
      |                           ^~~
bootsnap.c:1116:36: warning: '(' and '{' tokens introducing statement expression appear in different macro expansion contexts [-Wcompound-token-split-by-macro]
 1116 |   return rb_funcall(data->handler, rb_intern("input_to_storage"), 2, data->input_data, data->pathval);
      |                                    ^~~~~~~~~~~~~~~~~~~~~~~~~~~~~
/Users/serenachang/.rbenv/versions/2.6.10/include/ruby-2.6.0/ruby/ruby.h:1826:23: note: expanded from macro 'rb_intern'
 1826 |         __extension__ (RUBY_CONST_ID_CACHE((ID), (str))) : \
      |                       ^
/Users/serenachang/.rbenv/versions/2.6.10/include/ruby-2.6.0/ruby/ruby.h:2602:20: note: expanded from macro 'rb_funcall'
 2602 |         rb_funcallv(recv, mid, \
      |                           ^~~
bootsnap.c:1116:36: note: '{' token is here
 1116 |   return rb_funcall(data->handler, rb_intern("input_to_storage"), 2, data->input_data, data->pathval);
      |                                    ^~~~~~~~~~~~~~~~~~~~~~~~~~~~~
/Users/serenachang/.rbenv/versions/2.6.10/include/ruby-2.6.0/ruby/ruby.h:1826:24: note: expanded from macro 'rb_intern'
 1826 |         __extension__ (RUBY_CONST_ID_CACHE((ID), (str))) : \
      |                        ^~~~~~~~~~~~~~~~~~~~~~~~~~~~~~~~
/Users/serenachang/.rbenv/versions/2.6.10/include/ruby-2.6.0/ruby/ruby.h:1811:5: note: expanded from macro 'RUBY_CONST_ID_CACHE'
 1811 |     {                                                   \
      |     ^
/Users/serenachang/.rbenv/versions/2.6.10/include/ruby-2.6.0/ruby/ruby.h:2602:20: note: expanded from macro 'rb_funcall'
 2602 |         rb_funcallv(recv, mid, \
      |                           ^~~
bootsnap.c:1116:36: warning: '}' and ')' tokens terminating statement expression appear in different macro expansion contexts [-Wcompound-token-split-by-macro]
 1116 |   return rb_funcall(data->handler, rb_intern("input_to_storage"), 2, data->input_data, data->pathval);
      |                                    ^~~~~~~~~~~~~~~~~~~~~~~~~~~~~
/Users/serenachang/.rbenv/versions/2.6.10/include/ruby-2.6.0/ruby/ruby.h:1826:24: note: expanded from macro 'rb_intern'
 1826 |         __extension__ (RUBY_CONST_ID_CACHE((ID), (str))) : \
      |                        ^~~~~~~~~~~~~~~~~~~~~~~~~~~~~~~~
/Users/serenachang/.rbenv/versions/2.6.10/include/ruby-2.6.0/ruby/ruby.h:1816:5: note: expanded from macro 'RUBY_CONST_ID_CACHE'
 1816 |     }
      |     ^
/Users/serenachang/.rbenv/versions/2.6.10/include/ruby-2.6.0/ruby/ruby.h:2602:20: note: expanded from macro 'rb_funcall'
 2602 |         rb_funcallv(recv, mid, \
      |                           ^~~
bootsnap.c:1116:36: note: ')' token is here
 1116 |   return rb_funcall(data->handler, rb_intern("input_to_storage"), 2, data->input_data, data->pathval);
      |                                    ^~~~~~~~~~~~~~~~~~~~~~~~~~~~~
/Users/serenachang/.rbenv/versions/2.6.10/include/ruby-2.6.0/ruby/ruby.h:1826:56: note: expanded from macro 'rb_intern'
 1826 |         __extension__ (RUBY_CONST_ID_CACHE((ID), (str))) : \
      |                                                        ^
/Users/serenachang/.rbenv/versions/2.6.10/include/ruby-2.6.0/ruby/ruby.h:2602:20: note: expanded from macro 'rb_funcall'
 2602 |         rb_funcallv(recv, mid, \
      |                           ^~~
27 warnings generated.
linking shared-object bootsnap/bootsnap.bundle

current directory: /Users/serenachang/Desktop/smartadmin-template/vendor/bundle/ruby/2.6.0/gems/bootsnap-1.19.0/ext/bootsnap
make "DESTDIR=" install
/usr/bin/install -c -m 0755 bootsnap.bundle ./.gem.20251216-8554-1ilegq/bootsnap
